Testing invalid syntax
Testing tests/invalids/*.gt

