Testing invalid syntax
Testing invalids/beginMisspell.gt
Parser error at (line 3, column 1):
unexpected "g"
expecting type declaration or "begin"

Testing invalids/call1.gt
proc main ()
    int m;
begin
    call id(id);
end

Testing invalids/call.gt
Parser error at (line 4, column 15):
unexpected ":"
expecting variable, operator, "," or ")"

Testing invalids/funcExtraComma.gt
Parser error at (line 1, column 20):
unexpected ")"
expecting function parameter starting with 'ref' or 'val'

Testing invalids/invalidArray1.gt
Parser error at (line 2, column 11):
unexpected "]"
expecting size or initializer for variable with array type

Testing invalids/invalidArray2.gt
Parser error at (line 2, column 13):
unexpected "]"
expecting ']', size or initializer for array variable

Testing invalids/invalidArray3.gt
Parser error at (line 3, column 1):
unexpected "b"
expecting ";"

Testing invalids/invalidArray4.gt
Parser error at (line 2, column 11):
unexpected ","
expecting size or initializer for variable with array type

Testing invalids/invalidIf1.gt
Parser error at (line 5, column 9):
unexpected "m"
expecting ".", operator, "=", "!=", "<", "<=", ">", ">=" or "then"

Testing invalids/invalidIf2.gt
Parser error at (line 7, column 4):
unexpected reserved word "end"
expecting statement

Testing invalids/invalidIf3-1.gt
Parser error at (line 4, column 12):
unexpected reserved word "read"
expecting expression

Testing invalids/invalidIf3-2.gt
Parser error at (line 4, column 11):
unexpected reserved word "int"
expecting expression

Testing invalids/invalidIf4-1.gt
Parser error at (line 5, column 11):
unexpected "<"
expecting variable or ":="

Testing invalids/invalidIf4-2.gt
Parser error at (line 5, column 12):
unexpected reserved word "int"
expecting at least 1 statement

Testing invalids/invalidWhile1.gt
Parser error at (line 5, column 9):
unexpected "m"
expecting ".", operator, "=", "!=", "<", "<=", ">", ">=" or "do"

Testing invalids/invalidWhile2.gt
Parser error at (line 6, column 4):
unexpected reserved word "end"
expecting statement

Testing invalids/invalidWhile3-1.gt
Parser error at (line 4, column 13):
unexpected ":"
expecting variable, operator or "do"

Testing invalids/invalidWhile3-2.gt
Parser error at (line 4, column 14):
unexpected reserved word "int"
expecting expression

Testing invalids/invalidWhile4-1.gt
Parser error at (line 5, column 11):
unexpected ">"
expecting variable or ":="

Testing invalids/invalidWrite.gt
Parser error at (line 4, column 13):
unexpected "\n"
expecting operator or ";"

Testing invalids/invalidWriteNewline.gt
Parser error at (line 4, column 16):
unexpected "\n"
expecting "\""

Testing invalids/invalidWriteTab.gt
proc main ()
    int m;
begin
    write "asdf\t";
end

Testing invalids/missingBegin.gt
Parser error at (line 4, column 5):
unexpected "r"
expecting type declaration or "begin"

Testing invalids/missingBrackets.gt
Parser error at (line 2, column 5):
unexpected "i"
expecting "("

Testing invalids/missingEnd.gt
Parser error at (line 6, column 1):
unexpected end of input
expecting statement or "end"

Testing invalids/missingFuncIdent.gt
Parser error at (line 1, column 6):
unexpected "("
expecting function name

Testing invalids/missingMain.gt
proc main ()
    int m;
begin
    read m;
end

proc main ()
    int n;
begin
    read n;
end

Testing invalids/missingRef.gt
Parser error at (line 1, column 9):
unexpected "i"
expecting function parameter starting with 'ref' or 'val' or ")"

Testing invalids/missingSemiDecl.gt
Parser error at (line 3, column 1):
unexpected "b"
expecting variable or ";"

Testing invalids/missingSemiStmt.gt
Parser error at (line 5, column 1):
unexpected "e"
expecting variable or ";"

Testing invalids/readExpr.gt
Parser error at (line 4, column 12):
unexpected "<"
expecting variable or ";"

Testing invalids/readStmt.gt
Parser error at (line 4, column 12):
unexpected ":"
expecting variable or ";"

Testing invalids/tripleEquals.gt
Parser error at (line 4, column 17):
unexpected "o"
ambiguous use of a non associative operator

Testing invalids/twoMains.gt
proc main ()
    int m;
begin
    m := 1;
end

proc main ()
    int m;
begin
    m := 1;
end

Testing invalids/twoPlus.gt
Parser error at (line 4, column 14):
unexpected "+"
expecting constant, "(" or identifier

Testing invalids/twoSemis.gt
Parser error at (line 2, column 11):
unexpected ";"
expecting type declaration or "begin"

Testing invalids/writeId.gt
proc main ()
    int m;
begin
    write m;
end

Testing invalids/writeStmt.gt
Parser error at (line 4, column 13):
unexpected ":"
expecting variable, operator or ";"

